// Jest Snapshot v1, https://goo.gl/fbAQLP

exports[`CounterText 通常のCounterTextを描画できる 1`] = `
<View
  style={
    Object {
      "alignItems": "center",
      "justifyContent": "center",
      "width": 100,
    }
  }
>
  <Text
    style={
      Object {
        "fontSize": 20,
      }
    }
  >
    0
  </Text>
</View>
`;
